// Jest Snapshot v1, https://goo.gl/fbAQLP

exports[`Test App Entry point renders correctly 1`] = `
<div
  className="App"
>
  <header
    className="App-header"
  >
    <p>
      Why, if it isn't a running React app! A truly fine sight indeed.
    </p>
    <button
      onClick={[Function]}
    >
      Click Me, I dare you! ;)
    </button>
    <div
      id="hiddenDiv"
    />
  </header>
</div>
`;
